<?xml version="1.0" encoding="UTF-8"?>
<TestRun id="0d0cfeb3-2790-4fa4-81ae-815ca66e9870" name="chen@CHEN-PC 2012-05-21 00:00:22" runUser="chen-PC\chen" xmlns="http://microsoft.com/schemas/VisualStudio/TeamTest/2010">
  <TestSettings name="本地" id="5213b215-985d-4947-814a-2d78c79e8260">
    <Description>这些设置为本地测试运行的默认测试设置。</Description>
    <Deployment enabled="false" runDeploymentRoot="chen_CHEN-PC 2012-05-21 00_00_22">
      <DeploymentItem filename="F:\C#编程\TeachingSystem\shareLibs\log4net.dll" />
      <DeploymentItem filename="F:\C#编程\TeachingSystem\TeachingSystem.Data\shareLibs\NHibernate.dll" />
      <DeploymentItem filename="F:\C#编程\TeachingSystem\shareLibs\Castle.Core.dll" />
      <DeploymentItem filename="F:\C#编程\TeachingSystem\TeachingSystem.Data\bin\Debug\teachingSystemData.dll" />
      <DeploymentItem filename="F:\C#编程\TeachingSystem\TeachingSystem.Domain\bin\Debug\TeachingSystem.Domain.dll" />
      <DeploymentItem filename="F:\C#编程\TeachingSystem\shareLibs\antlr.runtime.dll" />
      <DeploymentItem filename="F:\C#编程\TeachingSystem\shareLibs\Iesi.Collections.dll" />
      <DeploymentItem filename="F:\C#编程\TeachingSystem\TeachingSystem.Data\shareLibs\NHibernate.ByteCode.Castle.dll" />
    </Deployment>
    <Execution>
      <TestTypeSpecific />
      <AgentRule name="Execution Agents">
      </AgentRule>
    </Execution>
  </TestSettings>
  <Times creation="2012-05-21T00:00:22.5940295+08:00" queuing="2012-05-21T00:00:22.6600333+08:00" start="2012-05-21T00:00:22.6770342+08:00" finish="2012-05-21T00:00:24.1511186+08:00" />
  <ResultSummary outcome="Failed">
    <Counters total="1" executed="1" error="0" failed="1" timeout="0" aborted="0" inconclusive="0" passedButRunAborted="0" notRunnable="0" notExecuted="0" disconnected="0" warning="0" passed="0" completed="0" inProgress="0" pending="0" />
  </ResultSummary>
  <TestDefinitions>
    <UnitTest name="saveDataTest" storage="f:\c#编程\teachingsystem\teachingsystem.data.test\bin\debug\teachingsystem.data.test.dll" id="c18acef9-8141-359f-baa8-41e3acc31a8a">
      <Execution id="edd251c6-827d-4a33-ae37-5bca6099e9e9" />
      <TestMethod codeBase="F:/C#编程/TeachingSystem/TeachingSystem.Data.Test/bin/Debug/TeachingSystem.Data.Test.DLL" adapterTypeName="Microsoft.VisualStudio.TestTools.TestTypes.Unit.UnitTestAdapter, Microsoft.VisualStudio.QualityTools.Tips.UnitTest.Adapter, Version=10.0.0.0, Culture=neutral, PublicKeyToken=b03f5f7f11d50a3a" className="TeachingSystem.Data.Test.UserDataTest, TeachingSystem.Data.Test, Version=1.0.0.0, Culture=neutral, PublicKeyToken=null" name="saveDataTest" />
    </UnitTest>
  </TestDefinitions>
  <TestLists>
    <TestList name="列表中未列出的结果" id="8c84fa94-04c1-424b-9868-57a2d4851a1d" />
    <TestList name="所有已加载的结果" id="19431567-8539-422a-85d7-44ee4e166bda" />
  </TestLists>
  <TestEntries>
    <TestEntry testId="c18acef9-8141-359f-baa8-41e3acc31a8a" executionId="edd251c6-827d-4a33-ae37-5bca6099e9e9" testListId="8c84fa94-04c1-424b-9868-57a2d4851a1d" />
  </TestEntries>
  <Results>
    <UnitTestResult executionId="edd251c6-827d-4a33-ae37-5bca6099e9e9" testId="c18acef9-8141-359f-baa8-41e3acc31a8a" testName="saveDataTest" computerName="CHEN-PC" duration="00:00:01.1478712" startTime="2012-05-21T00:00:22.6810345+08:00" endTime="2012-05-21T00:00:24.1051159+08:00" testType="13cdc9d9-ddb5-4fa4-a97d-d965ccfc6d4b" outcome="Failed" testListId="8c84fa94-04c1-424b-9868-57a2d4851a1d" relativeResultsDirectory="edd251c6-827d-4a33-ae37-5bca6099e9e9">
      <Output>
        <ErrorInfo>
          <Message>测试方法 TeachingSystem.Data.Test.UserDataTest.saveDataTest 引发了异常: 
NHibernate.MappingException: Could not compile the mapping document: TeachingSystem.Domain.Mappings.UserInfo.hbm.xml ---&gt; NHibernate.MappingException: Problem trying to set property type by reflection ---&gt; NHibernate.MappingException: class TeachingSystem.Domain.Entities.UserData, TeachingSystem.Domain, Version=1.0.0.0, Culture=neutral, PublicKeyToken=null not found while looking for property: Role ---&gt; NHibernate.PropertyNotFoundException: Could not find a getter for property 'Role' in class 'TeachingSystem.Domain.Entities.UserData'</Message>
          <StackTrace>    在 NHibernate.Properties.BasicPropertyAccessor.GetGetter(Type type, String propertyName)
   在 NHibernate.Util.ReflectHelper.ReflectedPropertyClass(String className, String name, String accessorName)
 --- 内部异常堆栈跟踪的末尾 ---
    在 NHibernate.Util.ReflectHelper.ReflectedPropertyClass(String className, String name, String accessorName)
   在 NHibernate.Mapping.SimpleValue.SetTypeUsingReflection(String className, String propertyName, String accesorName)
 --- 内部异常堆栈跟踪的末尾 ---
    在 NHibernate.Mapping.SimpleValue.SetTypeUsingReflection(String className, String propertyName, String accesorName)
   在 NHibernate.Cfg.XmlHbmBinding.PropertiesBinder.CreateProperty(IEntityPropertyMapping propertyMapping, String propertyOwnerClassName, IValue value, IDictionary`2 inheritedMetas)
   在 NHibernate.Cfg.XmlHbmBinding.PropertiesBinder.Bind(IEnumerable`1 properties, Table table, IDictionary`2 inheritedMetas, Action`1 modifier, Action`1 addToModelAction)
   在 NHibernate.Cfg.XmlHbmBinding.PropertiesBinder.Bind(IEnumerable`1 properties, IDictionary`2 inheritedMetas, Action`1 modifier)
   在 NHibernate.Cfg.XmlHbmBinding.PropertiesBinder.Bind(IEnumerable`1 properties, IDictionary`2 inheritedMetas)
   在 NHibernate.Cfg.XmlHbmBinding.RootClassBinder.Bind(HbmClass classSchema, IDictionary`2 inheritedMetas)
   在 NHibernate.Cfg.XmlHbmBinding.MappingRootBinder.AddEntitiesMappings(HbmMapping mappingSchema, IDictionary`2 inheritedMetas)
   在 NHibernate.Cfg.XmlHbmBinding.MappingRootBinder.Bind(HbmMapping mappingSchema)
   在 NHibernate.Cfg.Configuration.AddDeserializedMapping(HbmMapping mappingDocument, String documentFileName)
 --- 内部异常堆栈跟踪的末尾 ---
    在 NHibernate.Cfg.Configuration.LogAndThrow(Exception exception)
   在 NHibernate.Cfg.Configuration.AddDeserializedMapping(HbmMapping mappingDocument, String documentFileName)
   在 NHibernate.Cfg.Configuration.ProcessMappingsQueue()
   在 NHibernate.Cfg.Configuration.AddInputStream(Stream xmlInputStream, String name)
   在 NHibernate.Cfg.Configuration.AddResource(String path, Assembly assembly)
   在 NHibernate.Cfg.Configuration.AddAssembly(Assembly assembly)
   在 NHibernate.Cfg.Configuration.AddAssembly(String assemblyName)
   在 NHibernate.Cfg.Configuration.DoConfigure(ISessionFactoryConfiguration factoryConfiguration)
   在 NHibernate.Cfg.Configuration.Configure(XmlReader textReader)
   在 NHibernate.Cfg.Configuration.Configure(String fileName, Boolean ignoreSessionFactoryConfig)
   在 NHibernate.Cfg.Configuration.Configure()
   在 TeachingSystem.Data.NHibernateHelper.GetSessionFactory() 位置 F:\C#编程\TeachingSystem\TeachingSystem.Data\NHibernateHelper.cs:行号 19
   在 TeachingSystem.Data.NHibernateHelper..ctor() 位置 F:\C#编程\TeachingSystem\TeachingSystem.Data\NHibernateHelper.cs:行号 15
   在 TeachingSystem.Data.Test.UserDataTest.saveDataTest() 位置 F:\C#编程\TeachingSystem\TeachingSystem.Data.Test\UserDataTest.cs:行号 78
</StackTrace>
        </ErrorInfo>
      </Output>
    </UnitTestResult>
  </Results>
</TestRun>