<?xml version="1.0" encoding="UTF-8"?>
<TestRun id="e2d0b14a-23bb-4a9b-b9f2-0e2f12e2b340" name="chen@CHEN-PC 2012-06-04 11:19:52" runUser="chen-PC\chen" xmlns="http://microsoft.com/schemas/VisualStudio/TeamTest/2010">
  <TestSettings name="本地" id="5213b215-985d-4947-814a-2d78c79e8260">
    <Description>这些设置为本地测试运行的默认测试设置。</Description>
    <Deployment enabled="false" runDeploymentRoot="chen_CHEN-PC 2012-06-04 11_19_52">
      <DeploymentItem filename="F:\C#编程\TeachingSystem\shareLibs\log4net.dll" />
      <DeploymentItem filename="F:\C#编程\TeachingSystem\TeachingSystem.Data\shareLibs\NHibernate.dll" />
      <DeploymentItem filename="F:\C#编程\TeachingSystem\shareLibs\Castle.Core.dll" />
      <DeploymentItem filename="F:\C#编程\TeachingSystem\TeachingSystem.Data\bin\Debug\teachingSystemData.dll" />
      <DeploymentItem filename="F:\C#编程\TeachingSystem\TeachingSystem.Domain\bin\Debug\TeachingSystem.Domain.dll" />
      <DeploymentItem filename="F:\C#编程\TeachingSystem\shareLibs\antlr.runtime.dll" />
      <DeploymentItem filename="F:\C#编程\TeachingSystem\shareLibs\Iesi.Collections.dll" />
      <DeploymentItem filename="F:\C#编程\TeachingSystem\TeachingSystem.Data\shareLibs\NHibernate.ByteCode.Castle.dll" />
    </Deployment>
    <Execution>
      <TestTypeSpecific />
      <AgentRule name="Execution Agents">
      </AgentRule>
    </Execution>
  </TestSettings>
  <Times creation="2012-06-04T11:19:52.5936701+08:00" queuing="2012-06-04T11:19:58.7740236+08:00" start="2012-06-04T11:19:59.0120373+08:00" finish="2012-06-04T11:20:07.5045230+08:00" />
  <ResultSummary outcome="Completed">
    <Counters total="4" executed="4" passed="4" error="0" failed="0" timeout="0" aborted="0" inconclusive="0" passedButRunAborted="0" notRunnable="0" notExecuted="0" disconnected="0" warning="0" completed="0" inProgress="0" pending="0" />
  </ResultSummary>
  <TestDefinitions>
    <UnitTest name="ConnectToCourseTest" storage="f:\c#编程\teachingsystem\teachingsystem.data.test\bin\debug\teachingsystem.data.test.dll" id="b1a666e1-f67d-c091-a983-609cdd978271">
      <Execution id="a28e08c8-da77-4e5b-b5d8-3f59334097a8" />
      <TestMethod codeBase="F:/C#编程/TeachingSystem/TeachingSystem.Data.Test/bin/Debug/TeachingSystem.Data.Test.DLL" adapterTypeName="Microsoft.VisualStudio.TestTools.TestTypes.Unit.UnitTestAdapter, Microsoft.VisualStudio.QualityTools.Tips.UnitTest.Adapter, Version=10.0.0.0, Culture=neutral, PublicKeyToken=b03f5f7f11d50a3a" className="TeachingSystem.Data.Test.UserDataTest, TeachingSystem.Data.Test, Version=1.0.0.0, Culture=neutral, PublicKeyToken=null" name="ConnectToCourseTest" />
    </UnitTest>
    <UnitTest name="ConnectToTime" storage="f:\c#编程\teachingsystem\teachingsystem.data.test\bin\debug\teachingsystem.data.test.dll" id="d12408a5-009a-0883-cff6-e73f9fc2300a">
      <Execution id="0c7058eb-6be7-429f-b904-37071d71a830" />
      <TestMethod codeBase="F:/C#编程/TeachingSystem/TeachingSystem.Data.Test/bin/Debug/TeachingSystem.Data.Test.DLL" adapterTypeName="Microsoft.VisualStudio.TestTools.TestTypes.Unit.UnitTestAdapter, Microsoft.VisualStudio.QualityTools.Tips.UnitTest.Adapter, Version=10.0.0.0, Culture=neutral, PublicKeyToken=b03f5f7f11d50a3a" className="TeachingSystem.Data.Test.UserDataTest, TeachingSystem.Data.Test, Version=1.0.0.0, Culture=neutral, PublicKeyToken=null" name="ConnectToTime" />
    </UnitTest>
    <UnitTest name="dataBaseConnectTest" storage="f:\c#编程\teachingsystem\teachingsystem.data.test\bin\debug\teachingsystem.data.test.dll" id="610c62ce-2622-16d3-2b0f-c7e338df05d4">
      <Execution id="2377c2fa-f9b9-489c-8928-f86adbcec759" />
      <TestMethod codeBase="F:/C#编程/TeachingSystem/TeachingSystem.Data.Test/bin/Debug/TeachingSystem.Data.Test.DLL" adapterTypeName="Microsoft.VisualStudio.TestTools.TestTypes.Unit.UnitTestAdapter, Microsoft.VisualStudio.QualityTools.Tips.UnitTest.Adapter, Version=10.0.0.0, Culture=neutral, PublicKeyToken=b03f5f7f11d50a3a" className="TeachingSystem.Data.Test.UserDataTest, TeachingSystem.Data.Test, Version=1.0.0.0, Culture=neutral, PublicKeyToken=null" name="dataBaseConnectTest" />
    </UnitTest>
    <UnitTest name="ConnectToCompleteCourse" storage="f:\c#编程\teachingsystem\teachingsystem.data.test\bin\debug\teachingsystem.data.test.dll" id="3edede1e-bfa1-d746-b05d-1ff18667edaf">
      <Execution id="d23b6db7-5380-47c4-8eac-315ac604e039" />
      <TestMethod codeBase="F:/C#编程/TeachingSystem/TeachingSystem.Data.Test/bin/Debug/TeachingSystem.Data.Test.DLL" adapterTypeName="Microsoft.VisualStudio.TestTools.TestTypes.Unit.UnitTestAdapter, Microsoft.VisualStudio.QualityTools.Tips.UnitTest.Adapter, Version=10.0.0.0, Culture=neutral, PublicKeyToken=b03f5f7f11d50a3a" className="TeachingSystem.Data.Test.UserDataTest, TeachingSystem.Data.Test, Version=1.0.0.0, Culture=neutral, PublicKeyToken=null" name="ConnectToCompleteCourse" />
    </UnitTest>
  </TestDefinitions>
  <TestLists>
    <TestList name="列表中未列出的结果" id="8c84fa94-04c1-424b-9868-57a2d4851a1d" />
    <TestList name="所有已加载的结果" id="19431567-8539-422a-85d7-44ee4e166bda" />
  </TestLists>
  <TestEntries>
    <TestEntry testId="3edede1e-bfa1-d746-b05d-1ff18667edaf" executionId="d23b6db7-5380-47c4-8eac-315ac604e039" testListId="8c84fa94-04c1-424b-9868-57a2d4851a1d" />
    <TestEntry testId="610c62ce-2622-16d3-2b0f-c7e338df05d4" executionId="2377c2fa-f9b9-489c-8928-f86adbcec759" testListId="8c84fa94-04c1-424b-9868-57a2d4851a1d" />
    <TestEntry testId="b1a666e1-f67d-c091-a983-609cdd978271" executionId="a28e08c8-da77-4e5b-b5d8-3f59334097a8" testListId="8c84fa94-04c1-424b-9868-57a2d4851a1d" />
    <TestEntry testId="d12408a5-009a-0883-cff6-e73f9fc2300a" executionId="0c7058eb-6be7-429f-b904-37071d71a830" testListId="8c84fa94-04c1-424b-9868-57a2d4851a1d" />
  </TestEntries>
  <Results>
    <UnitTestResult executionId="d23b6db7-5380-47c4-8eac-315ac604e039" testId="3edede1e-bfa1-d746-b05d-1ff18667edaf" testName="ConnectToCompleteCourse" computerName="CHEN-PC" duration="00:00:07.1059392" startTime="2012-06-04T11:19:59.2160489+08:00" endTime="2012-06-04T11:20:07.3015114+08:00" testType="13cdc9d9-ddb5-4fa4-a97d-d965ccfc6d4b" outcome="Passed" testListId="8c84fa94-04c1-424b-9868-57a2d4851a1d" relativeResultsDirectory="d23b6db7-5380-47c4-8eac-315ac604e039">
    </UnitTestResult>
    <UnitTestResult executionId="2377c2fa-f9b9-489c-8928-f86adbcec759" testId="610c62ce-2622-16d3-2b0f-c7e338df05d4" testName="dataBaseConnectTest" computerName="CHEN-PC" duration="00:00:00.0347552" startTime="2012-06-04T11:20:07.3135121+08:00" endTime="2012-06-04T11:20:07.3555145+08:00" testType="13cdc9d9-ddb5-4fa4-a97d-d965ccfc6d4b" outcome="Passed" testListId="8c84fa94-04c1-424b-9868-57a2d4851a1d" relativeResultsDirectory="2377c2fa-f9b9-489c-8928-f86adbcec759">
    </UnitTestResult>
    <UnitTestResult executionId="a28e08c8-da77-4e5b-b5d8-3f59334097a8" testId="b1a666e1-f67d-c091-a983-609cdd978271" testName="ConnectToCourseTest" computerName="CHEN-PC" duration="00:00:00.0175661" startTime="2012-06-04T11:20:07.3645150+08:00" endTime="2012-06-04T11:20:07.3925166+08:00" testType="13cdc9d9-ddb5-4fa4-a97d-d965ccfc6d4b" outcome="Passed" testListId="8c84fa94-04c1-424b-9868-57a2d4851a1d" relativeResultsDirectory="a28e08c8-da77-4e5b-b5d8-3f59334097a8">
    </UnitTestResult>
    <UnitTestResult executionId="0c7058eb-6be7-429f-b904-37071d71a830" testId="d12408a5-009a-0883-cff6-e73f9fc2300a" testName="ConnectToTime" computerName="CHEN-PC" duration="00:00:00.0136279" startTime="2012-06-04T11:20:07.3965168+08:00" endTime="2012-06-04T11:20:07.4185181+08:00" testType="13cdc9d9-ddb5-4fa4-a97d-d965ccfc6d4b" outcome="Passed" testListId="8c84fa94-04c1-424b-9868-57a2d4851a1d" relativeResultsDirectory="0c7058eb-6be7-429f-b904-37071d71a830">
    </UnitTestResult>
  </Results>
</TestRun>