<?xml version="1.0" encoding="UTF-8"?>
<TestRun id="e3f0cf6a-be48-4ff7-8cd7-2ac35ba78fb9" name="chen@CHEN-PC 2012-06-03 11:17:55" runUser="chen-PC\chen" xmlns="http://microsoft.com/schemas/VisualStudio/TeamTest/2010">
  <TestSettings name="本地" id="5213b215-985d-4947-814a-2d78c79e8260">
    <Description>这些设置为本地测试运行的默认测试设置。</Description>
    <Deployment enabled="false" runDeploymentRoot="chen_CHEN-PC 2012-06-03 11_17_55">
      <DeploymentItem filename="F:\C#编程\TeachingSystem\shareLibs\log4net.dll" />
      <DeploymentItem filename="F:\C#编程\TeachingSystem\TeachingSystem.Data\shareLibs\NHibernate.dll" />
      <DeploymentItem filename="F:\C#编程\TeachingSystem\shareLibs\Castle.Core.dll" />
      <DeploymentItem filename="F:\C#编程\TeachingSystem\TeachingSystem.Data\bin\Debug\teachingSystemData.dll" />
      <DeploymentItem filename="F:\C#编程\TeachingSystem\TeachingSystem.Domain\bin\Debug\TeachingSystem.Domain.dll" />
      <DeploymentItem filename="F:\C#编程\TeachingSystem\shareLibs\antlr.runtime.dll" />
      <DeploymentItem filename="F:\C#编程\TeachingSystem\shareLibs\Iesi.Collections.dll" />
      <DeploymentItem filename="F:\C#编程\TeachingSystem\TeachingSystem.Data\shareLibs\NHibernate.ByteCode.Castle.dll" />
    </Deployment>
    <Execution>
      <TestTypeSpecific />
      <AgentRule name="Execution Agents">
      </AgentRule>
    </Execution>
  </TestSettings>
  <Times creation="2012-06-03T11:17:55.8168550+08:00" queuing="2012-06-03T11:17:55.9008598+08:00" start="2012-06-03T11:17:55.9128604+08:00" finish="2012-06-03T11:17:58.3369991+08:00" />
  <ResultSummary outcome="Failed">
    <Counters total="4" executed="4" error="0" failed="4" timeout="0" aborted="0" inconclusive="0" passedButRunAborted="0" notRunnable="0" notExecuted="0" disconnected="0" warning="0" passed="0" completed="0" inProgress="0" pending="0" />
  </ResultSummary>
  <TestDefinitions>
    <UnitTest name="ConnectToCourseTest" storage="f:\c#编程\teachingsystem\teachingsystem.data.test\bin\debug\teachingsystem.data.test.dll" id="b1a666e1-f67d-c091-a983-609cdd978271">
      <Execution id="07765c31-3703-4b25-8586-03cb0b601392" />
      <TestMethod codeBase="F:/C#编程/TeachingSystem/TeachingSystem.Data.Test/bin/Debug/TeachingSystem.Data.Test.DLL" adapterTypeName="Microsoft.VisualStudio.TestTools.TestTypes.Unit.UnitTestAdapter, Microsoft.VisualStudio.QualityTools.Tips.UnitTest.Adapter, Version=10.0.0.0, Culture=neutral, PublicKeyToken=b03f5f7f11d50a3a" className="TeachingSystem.Data.Test.UserDataTest, TeachingSystem.Data.Test, Version=1.0.0.0, Culture=neutral, PublicKeyToken=null" name="ConnectToCourseTest" />
    </UnitTest>
    <UnitTest name="ConnectToTime" storage="f:\c#编程\teachingsystem\teachingsystem.data.test\bin\debug\teachingsystem.data.test.dll" id="d12408a5-009a-0883-cff6-e73f9fc2300a">
      <Execution id="9a7fe8cc-dbd3-4214-b539-8f5fa930056a" />
      <TestMethod codeBase="F:/C#编程/TeachingSystem/TeachingSystem.Data.Test/bin/Debug/TeachingSystem.Data.Test.DLL" adapterTypeName="Microsoft.VisualStudio.TestTools.TestTypes.Unit.UnitTestAdapter, Microsoft.VisualStudio.QualityTools.Tips.UnitTest.Adapter, Version=10.0.0.0, Culture=neutral, PublicKeyToken=b03f5f7f11d50a3a" className="TeachingSystem.Data.Test.UserDataTest, TeachingSystem.Data.Test, Version=1.0.0.0, Culture=neutral, PublicKeyToken=null" name="ConnectToTime" />
    </UnitTest>
    <UnitTest name="dataBaseConnectTest" storage="f:\c#编程\teachingsystem\teachingsystem.data.test\bin\debug\teachingsystem.data.test.dll" id="610c62ce-2622-16d3-2b0f-c7e338df05d4">
      <Execution id="f724cdc3-1f8a-4156-89f9-f496cf04f32a" />
      <TestMethod codeBase="F:/C#编程/TeachingSystem/TeachingSystem.Data.Test/bin/Debug/TeachingSystem.Data.Test.DLL" adapterTypeName="Microsoft.VisualStudio.TestTools.TestTypes.Unit.UnitTestAdapter, Microsoft.VisualStudio.QualityTools.Tips.UnitTest.Adapter, Version=10.0.0.0, Culture=neutral, PublicKeyToken=b03f5f7f11d50a3a" className="TeachingSystem.Data.Test.UserDataTest, TeachingSystem.Data.Test, Version=1.0.0.0, Culture=neutral, PublicKeyToken=null" name="dataBaseConnectTest" />
    </UnitTest>
    <UnitTest name="ConnectToCompleteCourse" storage="f:\c#编程\teachingsystem\teachingsystem.data.test\bin\debug\teachingsystem.data.test.dll" id="3edede1e-bfa1-d746-b05d-1ff18667edaf">
      <Execution id="0c42c358-e26b-4c79-be4e-75a92696fdfe" />
      <TestMethod codeBase="F:/C#编程/TeachingSystem/TeachingSystem.Data.Test/bin/Debug/TeachingSystem.Data.Test.DLL" adapterTypeName="Microsoft.VisualStudio.TestTools.TestTypes.Unit.UnitTestAdapter, Microsoft.VisualStudio.QualityTools.Tips.UnitTest.Adapter, Version=10.0.0.0, Culture=neutral, PublicKeyToken=b03f5f7f11d50a3a" className="TeachingSystem.Data.Test.UserDataTest, TeachingSystem.Data.Test, Version=1.0.0.0, Culture=neutral, PublicKeyToken=null" name="ConnectToCompleteCourse" />
    </UnitTest>
  </TestDefinitions>
  <TestLists>
    <TestList name="列表中未列出的结果" id="8c84fa94-04c1-424b-9868-57a2d4851a1d" />
    <TestList name="所有已加载的结果" id="19431567-8539-422a-85d7-44ee4e166bda" />
  </TestLists>
  <TestEntries>
    <TestEntry testId="3edede1e-bfa1-d746-b05d-1ff18667edaf" executionId="0c42c358-e26b-4c79-be4e-75a92696fdfe" testListId="8c84fa94-04c1-424b-9868-57a2d4851a1d" />
    <TestEntry testId="610c62ce-2622-16d3-2b0f-c7e338df05d4" executionId="f724cdc3-1f8a-4156-89f9-f496cf04f32a" testListId="8c84fa94-04c1-424b-9868-57a2d4851a1d" />
    <TestEntry testId="b1a666e1-f67d-c091-a983-609cdd978271" executionId="07765c31-3703-4b25-8586-03cb0b601392" testListId="8c84fa94-04c1-424b-9868-57a2d4851a1d" />
    <TestEntry testId="d12408a5-009a-0883-cff6-e73f9fc2300a" executionId="9a7fe8cc-dbd3-4214-b539-8f5fa930056a" testListId="8c84fa94-04c1-424b-9868-57a2d4851a1d" />
  </TestEntries>
  <Results>
    <UnitTestResult executionId="0c42c358-e26b-4c79-be4e-75a92696fdfe" testId="3edede1e-bfa1-d746-b05d-1ff18667edaf" testName="ConnectToCompleteCourse" computerName="CHEN-PC" duration="00:00:02.0378864" startTime="2012-06-03T11:17:55.9278613+08:00" endTime="2012-06-03T11:17:58.2309930+08:00" testType="13cdc9d9-ddb5-4fa4-a97d-d965ccfc6d4b" outcome="Failed" testListId="8c84fa94-04c1-424b-9868-57a2d4851a1d" relativeResultsDirectory="0c42c358-e26b-4c79-be4e-75a92696fdfe">
      <Output>
        <ErrorInfo>
          <Message>测试方法 TeachingSystem.Data.Test.UserDataTest.ConnectToCompleteCourse 引发了异常: 
NHibernate.MappingException: Could not compile the mapping document: TeachingSystem.Domain.Mappings.UserInfo.hbm.xml ---&gt; System.Xml.XmlException: “name”是重复的特性名称。 第 46 行，位置 41。</Message>
          <StackTrace>    在 System.Xml.XmlTextReaderImpl.Throw(Exception e)
   在 System.Xml.XmlTextReaderImpl.AttributeDuplCheck()
   在 System.Xml.XmlTextReaderImpl.ParseAttributes()
   在 System.Xml.XmlTextReaderImpl.ParseElement()
   在 System.Xml.XmlTextReaderImpl.ParseElementContent()
   在 System.Xml.XmlTextReaderImpl.Read()
   在 System.Xml.XmlTextReader.Read()
   在 System.Xml.XmlCharCheckingReader.Read()
   在 System.Xml.XsdValidatingReader.Read()
   在 System.Xml.XmlLoader.LoadNode(Boolean skipOverWhitespace)
   在 System.Xml.XmlLoader.LoadDocSequence(XmlDocument parentDoc)
   在 System.Xml.XmlLoader.Load(XmlDocument doc, XmlReader reader, Boolean preserveWhitespace)
   在 System.Xml.XmlDocument.Load(XmlReader reader)
   在 NHibernate.Cfg.Configuration.LoadMappingDocument(XmlReader hbmReader, String name)
 --- 内部异常堆栈跟踪的末尾 ---
    在 NHibernate.Cfg.Configuration.LogAndThrow(Exception exception)
   在 NHibernate.Cfg.Configuration.LoadMappingDocument(XmlReader hbmReader, String name)
   在 NHibernate.Cfg.Configuration.AddInputStream(Stream xmlInputStream, String name)
   在 NHibernate.Cfg.Configuration.AddResource(String path, Assembly assembly)
   在 NHibernate.Cfg.Configuration.AddAssembly(Assembly assembly)
   在 NHibernate.Cfg.Configuration.AddAssembly(String assemblyName)
   在 NHibernate.Cfg.Configuration.DoConfigure(ISessionFactoryConfiguration factoryConfiguration)
   在 NHibernate.Cfg.Configuration.Configure(XmlReader textReader)
   在 NHibernate.Cfg.Configuration.Configure(String fileName, Boolean ignoreSessionFactoryConfig)
   在 NHibernate.Cfg.Configuration.Configure()
   在 TeachingSystem.Data.NHibernateHelper.GetSessionFactory() 位置 F:\C#编程\TeachingSystem\TeachingSystem.Data\NHibernateHelper.cs:行号 19
   在 TeachingSystem.Data.NHibernateHelper..ctor() 位置 F:\C#编程\TeachingSystem\TeachingSystem.Data\NHibernateHelper.cs:行号 15
   在 TeachingSystem.Data.NHibernateData..ctor() 位置 F:\C#编程\TeachingSystem\TeachingSystem.Data\NHibernateData.cs:行号 15
   在 TeachingSystem.Data.Test.UserDataTest.ConnectToCompleteCourse() 位置 F:\C#编程\TeachingSystem\TeachingSystem.Data.Test\UserDataTest.cs:行号 95
</StackTrace>
        </ErrorInfo>
      </Output>
    </UnitTestResult>
    <UnitTestResult executionId="f724cdc3-1f8a-4156-89f9-f496cf04f32a" testId="610c62ce-2622-16d3-2b0f-c7e338df05d4" testName="dataBaseConnectTest" computerName="CHEN-PC" duration="00:00:00.0138145" startTime="2012-06-03T11:17:58.2349933+08:00" endTime="2012-06-03T11:17:58.2629949+08:00" testType="13cdc9d9-ddb5-4fa4-a97d-d965ccfc6d4b" outcome="Failed" testListId="8c84fa94-04c1-424b-9868-57a2d4851a1d" relativeResultsDirectory="f724cdc3-1f8a-4156-89f9-f496cf04f32a">
      <Output>
        <ErrorInfo>
          <Message>测试方法 TeachingSystem.Data.Test.UserDataTest.dataBaseConnectTest 引发了异常: 
NHibernate.MappingException: Could not compile the mapping document: TeachingSystem.Domain.Mappings.UserInfo.hbm.xml ---&gt; System.Xml.XmlException: “name”是重复的特性名称。 第 46 行，位置 41。</Message>
          <StackTrace>    在 System.Xml.XmlTextReaderImpl.Throw(Exception e)
   在 System.Xml.XmlTextReaderImpl.AttributeDuplCheck()
   在 System.Xml.XmlTextReaderImpl.ParseAttributes()
   在 System.Xml.XmlTextReaderImpl.ParseElement()
   在 System.Xml.XmlTextReaderImpl.ParseElementContent()
   在 System.Xml.XmlTextReaderImpl.Read()
   在 System.Xml.XmlTextReader.Read()
   在 System.Xml.XmlCharCheckingReader.Read()
   在 System.Xml.XsdValidatingReader.Read()
   在 System.Xml.XmlLoader.LoadNode(Boolean skipOverWhitespace)
   在 System.Xml.XmlLoader.LoadDocSequence(XmlDocument parentDoc)
   在 System.Xml.XmlLoader.Load(XmlDocument doc, XmlReader reader, Boolean preserveWhitespace)
   在 System.Xml.XmlDocument.Load(XmlReader reader)
   在 NHibernate.Cfg.Configuration.LoadMappingDocument(XmlReader hbmReader, String name)
 --- 内部异常堆栈跟踪的末尾 ---
    在 NHibernate.Cfg.Configuration.LogAndThrow(Exception exception)
   在 NHibernate.Cfg.Configuration.LoadMappingDocument(XmlReader hbmReader, String name)
   在 NHibernate.Cfg.Configuration.AddInputStream(Stream xmlInputStream, String name)
   在 NHibernate.Cfg.Configuration.AddResource(String path, Assembly assembly)
   在 NHibernate.Cfg.Configuration.AddAssembly(Assembly assembly)
   在 NHibernate.Cfg.Configuration.AddAssembly(String assemblyName)
   在 NHibernate.Cfg.Configuration.DoConfigure(ISessionFactoryConfiguration factoryConfiguration)
   在 NHibernate.Cfg.Configuration.Configure(XmlReader textReader)
   在 NHibernate.Cfg.Configuration.Configure(String fileName, Boolean ignoreSessionFactoryConfig)
   在 NHibernate.Cfg.Configuration.Configure()
   在 TeachingSystem.Data.NHibernateHelper.GetSessionFactory() 位置 F:\C#编程\TeachingSystem\TeachingSystem.Data\NHibernateHelper.cs:行号 19
   在 TeachingSystem.Data.NHibernateHelper..ctor() 位置 F:\C#编程\TeachingSystem\TeachingSystem.Data\NHibernateHelper.cs:行号 15
   在 TeachingSystem.Data.NHibernateData..ctor() 位置 F:\C#编程\TeachingSystem\TeachingSystem.Data\NHibernateData.cs:行号 15
   在 TeachingSystem.Data.Test.UserDataTest.dataBaseConnectTest() 位置 F:\C#编程\TeachingSystem\TeachingSystem.Data.Test\UserDataTest.cs:行号 67
</StackTrace>
        </ErrorInfo>
      </Output>
    </UnitTestResult>
    <UnitTestResult executionId="07765c31-3703-4b25-8586-03cb0b601392" testId="b1a666e1-f67d-c091-a983-609cdd978271" testName="ConnectToCourseTest" computerName="CHEN-PC" duration="00:00:00.0037641" startTime="2012-06-03T11:17:58.2689952+08:00" endTime="2012-06-03T11:17:58.2839961+08:00" testType="13cdc9d9-ddb5-4fa4-a97d-d965ccfc6d4b" outcome="Failed" testListId="8c84fa94-04c1-424b-9868-57a2d4851a1d" relativeResultsDirectory="07765c31-3703-4b25-8586-03cb0b601392">
      <Output>
        <ErrorInfo>
          <Message>测试方法 TeachingSystem.Data.Test.UserDataTest.ConnectToCourseTest 引发了异常: 
NHibernate.MappingException: Could not compile the mapping document: TeachingSystem.Domain.Mappings.UserInfo.hbm.xml ---&gt; System.Xml.XmlException: “name”是重复的特性名称。 第 46 行，位置 41。</Message>
          <StackTrace>    在 System.Xml.XmlTextReaderImpl.Throw(Exception e)
   在 System.Xml.XmlTextReaderImpl.AttributeDuplCheck()
   在 System.Xml.XmlTextReaderImpl.ParseAttributes()
   在 System.Xml.XmlTextReaderImpl.ParseElement()
   在 System.Xml.XmlTextReaderImpl.ParseElementContent()
   在 System.Xml.XmlTextReaderImpl.Read()
   在 System.Xml.XmlTextReader.Read()
   在 System.Xml.XmlCharCheckingReader.Read()
   在 System.Xml.XsdValidatingReader.Read()
   在 System.Xml.XmlLoader.LoadNode(Boolean skipOverWhitespace)
   在 System.Xml.XmlLoader.LoadDocSequence(XmlDocument parentDoc)
   在 System.Xml.XmlLoader.Load(XmlDocument doc, XmlReader reader, Boolean preserveWhitespace)
   在 System.Xml.XmlDocument.Load(XmlReader reader)
   在 NHibernate.Cfg.Configuration.LoadMappingDocument(XmlReader hbmReader, String name)
 --- 内部异常堆栈跟踪的末尾 ---
    在 NHibernate.Cfg.Configuration.LogAndThrow(Exception exception)
   在 NHibernate.Cfg.Configuration.LoadMappingDocument(XmlReader hbmReader, String name)
   在 NHibernate.Cfg.Configuration.AddInputStream(Stream xmlInputStream, String name)
   在 NHibernate.Cfg.Configuration.AddResource(String path, Assembly assembly)
   在 NHibernate.Cfg.Configuration.AddAssembly(Assembly assembly)
   在 NHibernate.Cfg.Configuration.AddAssembly(String assemblyName)
   在 NHibernate.Cfg.Configuration.DoConfigure(ISessionFactoryConfiguration factoryConfiguration)
   在 NHibernate.Cfg.Configuration.Configure(XmlReader textReader)
   在 NHibernate.Cfg.Configuration.Configure(String fileName, Boolean ignoreSessionFactoryConfig)
   在 NHibernate.Cfg.Configuration.Configure()
   在 TeachingSystem.Data.NHibernateHelper.GetSessionFactory() 位置 F:\C#编程\TeachingSystem\TeachingSystem.Data\NHibernateHelper.cs:行号 19
   在 TeachingSystem.Data.NHibernateHelper..ctor() 位置 F:\C#编程\TeachingSystem\TeachingSystem.Data\NHibernateHelper.cs:行号 15
   在 TeachingSystem.Data.NHibernateData..ctor() 位置 F:\C#编程\TeachingSystem\TeachingSystem.Data\NHibernateData.cs:行号 15
   在 TeachingSystem.Data.Test.UserDataTest.ConnectToCourseTest() 位置 F:\C#编程\TeachingSystem\TeachingSystem.Data.Test\UserDataTest.cs:行号 81
</StackTrace>
        </ErrorInfo>
      </Output>
    </UnitTestResult>
    <UnitTestResult executionId="9a7fe8cc-dbd3-4214-b539-8f5fa930056a" testId="d12408a5-009a-0883-cff6-e73f9fc2300a" testName="ConnectToTime" computerName="CHEN-PC" duration="00:00:00.0045777" startTime="2012-06-03T11:17:58.2859962+08:00" endTime="2012-06-03T11:17:58.2999970+08:00" testType="13cdc9d9-ddb5-4fa4-a97d-d965ccfc6d4b" outcome="Failed" testListId="8c84fa94-04c1-424b-9868-57a2d4851a1d" relativeResultsDirectory="9a7fe8cc-dbd3-4214-b539-8f5fa930056a">
      <Output>
        <ErrorInfo>
          <Message>测试方法 TeachingSystem.Data.Test.UserDataTest.ConnectToTime 引发了异常: 
NHibernate.MappingException: Could not compile the mapping document: TeachingSystem.Domain.Mappings.UserInfo.hbm.xml ---&gt; System.Xml.XmlException: “name”是重复的特性名称。 第 46 行，位置 41。</Message>
          <StackTrace>    在 System.Xml.XmlTextReaderImpl.Throw(Exception e)
   在 System.Xml.XmlTextReaderImpl.AttributeDuplCheck()
   在 System.Xml.XmlTextReaderImpl.ParseAttributes()
   在 System.Xml.XmlTextReaderImpl.ParseElement()
   在 System.Xml.XmlTextReaderImpl.ParseElementContent()
   在 System.Xml.XmlTextReaderImpl.Read()
   在 System.Xml.XmlTextReader.Read()
   在 System.Xml.XmlCharCheckingReader.Read()
   在 System.Xml.XsdValidatingReader.Read()
   在 System.Xml.XmlLoader.LoadNode(Boolean skipOverWhitespace)
   在 System.Xml.XmlLoader.LoadDocSequence(XmlDocument parentDoc)
   在 System.Xml.XmlLoader.Load(XmlDocument doc, XmlReader reader, Boolean preserveWhitespace)
   在 System.Xml.XmlDocument.Load(XmlReader reader)
   在 NHibernate.Cfg.Configuration.LoadMappingDocument(XmlReader hbmReader, String name)
 --- 内部异常堆栈跟踪的末尾 ---
    在 NHibernate.Cfg.Configuration.LogAndThrow(Exception exception)
   在 NHibernate.Cfg.Configuration.LoadMappingDocument(XmlReader hbmReader, String name)
   在 NHibernate.Cfg.Configuration.AddInputStream(Stream xmlInputStream, String name)
   在 NHibernate.Cfg.Configuration.AddResource(String path, Assembly assembly)
   在 NHibernate.Cfg.Configuration.AddAssembly(Assembly assembly)
   在 NHibernate.Cfg.Configuration.AddAssembly(String assemblyName)
   在 NHibernate.Cfg.Configuration.DoConfigure(ISessionFactoryConfiguration factoryConfiguration)
   在 NHibernate.Cfg.Configuration.Configure(XmlReader textReader)
   在 NHibernate.Cfg.Configuration.Configure(String fileName, Boolean ignoreSessionFactoryConfig)
   在 NHibernate.Cfg.Configuration.Configure()
   在 TeachingSystem.Data.NHibernateHelper.GetSessionFactory() 位置 F:\C#编程\TeachingSystem\TeachingSystem.Data\NHibernateHelper.cs:行号 19
   在 TeachingSystem.Data.NHibernateHelper..ctor() 位置 F:\C#编程\TeachingSystem\TeachingSystem.Data\NHibernateHelper.cs:行号 15
   在 TeachingSystem.Data.NHibernateData..ctor() 位置 F:\C#编程\TeachingSystem\TeachingSystem.Data\NHibernateData.cs:行号 15
   在 TeachingSystem.Data.Test.UserDataTest.ConnectToTime() 位置 F:\C#编程\TeachingSystem\TeachingSystem.Data.Test\UserDataTest.cs:行号 108
</StackTrace>
        </ErrorInfo>
      </Output>
    </UnitTestResult>
  </Results>
</TestRun>